/*C1*/SET SCHEMA SYSTEM_LOBS
INSERT INTO BLOCKS VALUES(0,2147483647,0)
COMMIT
/*C2*/SET SCHEMA PUBLIC
CREATE TABLE "PUBLIC"."flyway_schema_history" (\u000a    "installed_rank" INT NOT NULL,\u000a    "version" VARCHAR(50),\u000a    "description" VARCHAR(200) NOT NULL,\u000a    "type" VARCHAR(20) NOT NULL,\u000a    "script" VARCHAR(1000) NOT NULL,\u000a    "checksum" INT,\u000a    "installed_by" VARCHAR(100) NOT NULL,\u000a    "installed_on" TIMESTAMP DEFAULT CURRENT_TIMESTAMP NOT NULL,\u000a    "execution_time" INT NOT NULL,\u000a    "success" BIT NOT NULL\u000a)
ALTER TABLE "PUBLIC"."flyway_schema_history" ADD CONSTRAINT "flyway_schema_history_pk" PRIMARY KEY ("installed_rank")
CREATE INDEX "PUBLIC"."flyway_schema_history_s_idx" ON "PUBLIC"."flyway_schema_history" ("success")
SET SCHEMA "PUBLIC"
create table product (\u000a  id identity not null,\u000a  name varchar (255) not null,\u000a  price double not null\u000a)
INSERT INTO "flyway_schema_history" VALUES(1,'0001','products','SQL','V0001__products.sql',-983078281,'SA','2026-08-11 06:28:55.934540',0,'1')
COMMIT
SET SCHEMA "PUBLIC"
INSERT INTO PRODUCT VALUES(0,'Buku Tulis',25000.0E0)
INSERT INTO PRODUCT VALUES(1,'Ball point',1500.0E0)
INSERT INTO PRODUCT VALUES(2,'Buku Tulis Sinar Dunia',2500.0E0)
INSERT INTO "flyway_schema_history" VALUES(2,'0002','seed products','SQL','V0002__seed_products.sql',-653244022,'SA','2026-08-11 06:28:55.938364',0,'1')
COMMIT
SET SCHEMA "PUBLIC"
INSERT INTO PRODUCT VALUES(3,'Pensil 2B',3500.0E0)
COMMIT
DELETE FROM PRODUCT WHERE ID=3
COMMIT
